../Core/Src/main.c:53:5:__io_putchar	1
../Core/Src/main.c:65:13:MUX_GPIO_Init	1
../Core/Src/main.c:77:13:MUX_Select	2
../Core/Src/main.c:96:14:volts_to_degC	6
../Core/Src/main.c:112:20:Enable_VREFINT	1
../Core/Src/main.c:116:14:Read_VDDA_Volts	3
../Core/Src/main.c:132:13:adc_throwaway_sample	1
../Core/Src/main.c:140:21:Read_A0_raw_mv	2
../Core/Src/main.c:159:5:main	4
../Core/Src/main.c:218:6:SystemClock_Config	3
../Core/Src/main.c:235:13:MX_GPIO_Init	1
../Core/Src/main.c:247:13:MX_USART2_UART_Init	2
../Core/Src/main.c:261:13:MX_ADC1_Init	2
../Core/Src/main.c:279:13:Error_Handler	1
